// Jest Snapshot v1, https://goo.gl/fbAQLP

exports[`PlaceSorting PlaceSorting correctly renders 1`] = `
<form
  action="#"
  className="places__sorting"
  method="get"
>
  <span
    className="places__sorting-caption"
  >
    Sort by
  </span>
  <span
    className="places__sorting-type"
    tabIndex="0"
  >
    <svg
      className="places__sorting-arrow"
      height="4"
      width="7"
    >
      <use
        xlinkHref="#icon-arrow-select"
      />
    </svg>
  </span>
  <ul
    className="places__options places__options--custom places__options--opened"
  />
</form>
`;
